Archive member included to satisfy reference by file (symbol)

D:/Download/APPS/STM32/STM32CubeIDE_1.17.0/STM32CubeIDE/plugins/com.st.stm32cube.ide.mcu.externaltools.gnu-tools-for-stm32.13.3.rel1.win32_1.0.0.202411081344/tools/bin/../lib/gcc/arm-none-eabi/13.3.1/../../../../arm-none-eabi/lib/thumb/v7e-m+fp/hard\libc_nano.a(libc_a-exit.o)
                              D:/Download/APPS/STM32/STM32CubeIDE_1.17.0/STM32CubeIDE/plugins/com.st.stm32cube.ide.mcu.externaltools.gnu-tools-for-stm32.13.3.rel1.win32_1.0.0.202411081344/tools/bin/../lib/gcc/arm-none-eabi/13.3.1/../../../../arm-none-eabi/lib/thumb/v7e-m+fp/hard/crt0.o (exit)
D:/Download/APPS/STM32/STM32CubeIDE_1.17.0/STM32CubeIDE/plugins/com.st.stm32cube.ide.mcu.externaltools.gnu-tools-for-stm32.13.3.rel1.win32_1.0.0.202411081344/tools/bin/../lib/gcc/arm-none-eabi/13.3.1/../../../../arm-none-eabi/lib/thumb/v7e-m+fp/hard\libc_nano.a(libc_a-findfp.o)
                              D:/Download/APPS/STM32/STM32CubeIDE_1.17.0/STM32CubeIDE/plugins/com.st.stm32cube.ide.mcu.externaltools.gnu-tools-for-stm32.13.3.rel1.win32_1.0.0.202411081344/tools/bin/../lib/gcc/arm-none-eabi/13.3.1/../../../../arm-none-eabi/lib/thumb/v7e-m+fp/hard\libc_nano.a(libc_a-exit.o) (__stdio_exit_handler)
D:/Download/APPS/STM32/STM32CubeIDE_1.17.0/STM32CubeIDE/plugins/com.st.stm32cube.ide.mcu.externaltools.gnu-tools-for-stm32.13.3.rel1.win32_1.0.0.202411081344/tools/bin/../lib/gcc/arm-none-eabi/13.3.1/../../../../arm-none-eabi/lib/thumb/v7e-m+fp/hard\libc_nano.a(libc_a-fwalk.o)
                              D:/Download/APPS/STM32/STM32CubeIDE_1.17.0/STM32CubeIDE/plugins/com.st.stm32cube.ide.mcu.externaltools.gnu-tools-for-stm32.13.3.rel1.win32_1.0.0.202411081344/tools/bin/../lib/gcc/arm-none-eabi/13.3.1/../../../../arm-none-eabi/lib/thumb/v7e-m+fp/hard\libc_nano.a(libc_a-findfp.o) (_fwalk_sglue)
D:/Download/APPS/STM32/STM32CubeIDE_1.17.0/STM32CubeIDE/plugins/com.st.stm32cube.ide.mcu.externaltools.gnu-tools-for-stm32.13.3.rel1.win32_1.0.0.202411081344/tools/bin/../lib/gcc/arm-none-eabi/13.3.1/../../../../arm-none-eabi/lib/thumb/v7e-m+fp/hard\libc_nano.a(libc_a-stdio.o)
                              D:/Download/APPS/STM32/STM32CubeIDE_1.17.0/STM32CubeIDE/plugins/com.st.stm32cube.ide.mcu.externaltools.gnu-tools-for-stm32.13.3.rel1.win32_1.0.0.202411081344/tools/bin/../lib/gcc/arm-none-eabi/13.3.1/../../../../arm-none-eabi/lib/thumb/v7e-m+fp/hard\libc_nano.a(libc_a-findfp.o) (__sread)
D:/Download/APPS/STM32/STM32CubeIDE_1.17.0/STM32CubeIDE/plugins/com.st.stm32cube.ide.mcu.externaltools.gnu-tools-for-stm32.13.3.rel1.win32_1.0.0.202411081344/tools/bin/../lib/gcc/arm-none-eabi/13.3.1/../../../../arm-none-eabi/lib/thumb/v7e-m+fp/hard\libc_nano.a(libc_a-memset.o)
                              D:/Download/APPS/STM32/STM32CubeIDE_1.17.0/STM32CubeIDE/plugins/com.st.stm32cube.ide.mcu.externaltools.gnu-tools-for-stm32.13.3.rel1.win32_1.0.0.202411081344/tools/bin/../lib/gcc/arm-none-eabi/13.3.1/../../../../arm-none-eabi/lib/thumb/v7e-m+fp/hard/crt0.o (memset)
D:/Download/APPS/STM32/STM32CubeIDE_1.17.0/STM32CubeIDE/plugins/com.st.stm32cube.ide.mcu.externaltools.gnu-tools-for-stm32.13.3.rel1.win32_1.0.0.202411081344/tools/bin/../lib/gcc/arm-none-eabi/13.3.1/../../../../arm-none-eabi/lib/thumb/v7e-m+fp/hard\libc_nano.a(libc_a-closer.o)
                              D:/Download/APPS/STM32/STM32CubeIDE_1.17.0/STM32CubeIDE/plugins/com.st.stm32cube.ide.mcu.externaltools.gnu-tools-for-stm32.13.3.rel1.win32_1.0.0.202411081344/tools/bin/../lib/gcc/arm-none-eabi/13.3.1/../../../../arm-none-eabi/lib/thumb/v7e-m+fp/hard\libc_nano.a(libc_a-stdio.o) (_close_r)
D:/Download/APPS/STM32/STM32CubeIDE_1.17.0/STM32CubeIDE/plugins/com.st.stm32cube.ide.mcu.externaltools.gnu-tools-for-stm32.13.3.rel1.win32_1.0.0.202411081344/tools/bin/../lib/gcc/arm-none-eabi/13.3.1/../../../../arm-none-eabi/lib/thumb/v7e-m+fp/hard\libc_nano.a(libc_a-reent.o)
                              D:/Download/APPS/STM32/STM32CubeIDE_1.17.0/STM32CubeIDE/plugins/com.st.stm32cube.ide.mcu.externaltools.gnu-tools-for-stm32.13.3.rel1.win32_1.0.0.202411081344/tools/bin/../lib/gcc/arm-none-eabi/13.3.1/../../../../arm-none-eabi/lib/thumb/v7e-m+fp/hard\libc_nano.a(libc_a-closer.o) (errno)
D:/Download/APPS/STM32/STM32CubeIDE_1.17.0/STM32CubeIDE/plugins/com.st.stm32cube.ide.mcu.externaltools.gnu-tools-for-stm32.13.3.rel1.win32_1.0.0.202411081344/tools/bin/../lib/gcc/arm-none-eabi/13.3.1/../../../../arm-none-eabi/lib/thumb/v7e-m+fp/hard\libc_nano.a(libc_a-impure.o)
                              D:/Download/APPS/STM32/STM32CubeIDE_1.17.0/STM32CubeIDE/plugins/com.st.stm32cube.ide.mcu.externaltools.gnu-tools-for-stm32.13.3.rel1.win32_1.0.0.202411081344/tools/bin/../lib/gcc/arm-none-eabi/13.3.1/../../../../arm-none-eabi/lib/thumb/v7e-m+fp/hard\libc_nano.a(libc_a-reent.o) (_impure_ptr)
[...]
Memory Configuration

Name             Origin             Length             Attributes
CCMRAM           0x10000000         0x00010000         xrw
RAM              0x20000000         0x00020000         xrw
FLASH            0x08000000         0x00080000         xr
*default*        0x00000000         0xffffffff

Linker script and memory map

LOAD D:/Download/APPS/STM32/STM32CubeIDE_1.17.0/STM32CubeIDE/plugins/com.st.stm32cube.ide.mcu.externaltools.gnu-tools-for-stm32.13.3.rel1.win32_1.0.0.202411081344/tools/bin/../lib/gcc/arm-none-eabi/13.3.1/thumb/v7e-m+fp/hard/crti.o
LOAD D:/Download/APPS/STM32/STM32CubeIDE_1.17.0/STM32CubeIDE/plugins/com.st.stm32cube.ide.mcu.externaltools.gnu-tools-for-stm32.13.3.rel1.win32_1.0.0.202411081344/tools/bin/../lib/gcc/arm-none-eabi/13.3.1/thumb/v7e-m+fp/hard/crtbegin.o
LOAD D:/Download/APPS/STM32/STM32CubeIDE_1.17.0/STM32CubeIDE/plugins/com.st.stm32cube.ide.mcu.externaltools.gnu-tools-for-stm32.13.3.rel1.win32_1.0.0.202411081344/tools/bin/../lib/gcc/arm-none-eabi/13.3.1/../../../../arm-none-eabi/lib/thumb/v7e-m+fp/hard/crt0.o
LOAD ./Core/Src/main.o
LOAD ./Core/Src/mpu6050.o
LOAD ./Core/Src/stm32f4xx_hal_msp.o
LOAD ./Core/Src/stm32f4xx_it.o
LOAD ./Core/Src/syscalls.o
LOAD ./Core/Src/sysmem.o
LOAD ./Core/Src/system_stm32f4xx.o
LOAD ./Core/Startup/startup_stm32f407vetx.o
LOAD ./Drivers/STM32F4xx_HAL_Driver/stm32f4xx_hal.o
LOAD ./Drivers/STM32F4xx_HAL_Driver/stm32f4xx_hal_cortex.o
LOAD ./Drivers/STM32F4xx_HAL_Driver/stm32f4xx_hal_dma.o
LOAD ./Drivers/STM32F4xx_HAL_Driver/stm32f4xx_hal_dma_ex.o
LOAD ./Drivers/STM32F4xx_HAL_Driver/stm32f4xx_hal_exti.o
LOAD ./Drivers/STM32F4xx_HAL_Driver/stm32f4xx_hal_flash.o
LOAD ./Drivers/STM32F4xx_HAL_Driver/stm32f4xx_hal_flash_ex.o
LOAD ./Drivers/STM32F4xx_HAL_Driver/stm32f4xx_hal_flash_ramfunc.o
LOAD ./Drivers/STM32F4xx_HAL_Driver/stm32f4xx_hal_gpio.o
LOAD ./Drivers/STM32F4xx_HAL_Driver/stm32f4xx_hal_i2c.o
LOAD ./Drivers/STM32F4xx_HAL_Driver/stm32f4xx_hal_i2c_ex.o
LOAD ./Drivers/STM32F4xx_HAL_Driver/stm32f4xx_hal_pwr.o
LOAD ./Drivers/STM32F4xx_HAL_Driver/stm32f4xx_hal_pwr_ex.o
LOAD ./Drivers/STM32F4xx_HAL_Driver/stm32f4xx_hal_rcc.o
LOAD ./Drivers/STM32F4xx_HAL_Driver/stm32f4xx_hal_rcc_ex.o
LOAD ./Drivers/STM32F4xx_HAL_Driver/stm32f4xx_hal_tim.o
LOAD ./Drivers/STM32F4xx_HAL_Driver/stm32f4xx_hal_tim_ex.o
LOAD ./Drivers/STM32F4xx_HAL_Driver/stm32f4xx_hal_uart.o
START GROUP
LOAD D:/Download/APPS/STM32/STM32CubeIDE_1.17.0/STM32CubeIDE/plugins/com.st.stm32cube.ide.mcu.externaltools.gnu-tools-for-stm32.13.3.rel1.win32_1.0.0.202411081344/tools/bin/../lib/gcc/arm-none-eabi/13.3.1/../../../../arm-none-eabi/lib/thumb/v7e-m+fp/hard\libc_nano.a
LOAD D:/Download/APPS/STM32/STM32CubeIDE_1.17.0/STM32CubeIDE/plugins/com.st.stm32cube.ide.mcu.externaltools.gnu-tools-for-stm32.13.3.rel1.win32_1.0.0.202411081344/tools/bin/../lib/gcc/arm-none-eabi/13.3.1/../../../../arm-none-eabi/lib/thumb/v7e-m+fp/hard\libm.a
END GROUP
START GROUP
LOAD D:/Download/APPS/STM32/STM32CubeIDE_1.17.0/STM32CubeIDE/plugins/com.st.stm32cube.ide.mcu.externaltools.gnu-tools-for-stm32.13.3.rel1.win32_1.0.0.202411081344/tools/bin/../lib/gcc/arm-none-eabi/13.3.1/thumb/v7e-m+fp/hard\libgcc.a
LOAD D:/Download/APPS/STM32/STM32CubeIDE_1.17.0/STM32CubeIDE/plugins/com.st.stm32cube.ide.mcu.externaltools.gnu-tools-for-stm32.13.3.rel1.win32_1.0.0.202411081344/tools/bin/../lib/gcc/arm-none-eabi/13.3.1/../../../../arm-none-eabi/lib/thumb/v7e-m+fp/hard\libc_nano.a
END GROUP
START GROUP
LOAD D:/Download/APPS/STM32/STM32CubeIDE_1.17.0/STM32CubeIDE/plugins/com.st.stm32cube.ide.mcu.externaltools.gnu-tools-for-stm32.13.3.rel1.win32_1.0.0.202411081344/tools/bin/../lib/gcc/arm-none-eabi/13.3.1/thumb/v7e-m+fp/hard\libgcc.a
LOAD D:/Download/APPS/STM32/STM32CubeIDE_1.17.0/STM32CubeIDE/plugins/com.st.stm32cube.ide.mcu.externaltools.gnu-tools-for-stm32.13.3.rel1.win32_1.0.0.202411081344/tools/bin/../lib/gcc/arm-none-eabi/13.3.1/../../../../arm-none-eabi/lib/thumb/v7e-m+fp/hard\libc_nano.a
LOAD D:/Download/APPS/STM32/STM32CubeIDE_1.17.0/STM32CubeIDE/plugins/com.st.stm32cube.ide.mcu.externaltools.gnu-tools-for-stm32.13.3.rel1.win32_1.0.0.202411081344/tools/bin/../lib/gcc/arm-none-eabi/13.3.1/../../../../arm-none-eabi/lib/thumb/v7e-m+fp/hard\libnosys.a
END GROUP
START GROUP
LOAD D:/Download/APPS/STM32/STM32CubeIDE_1.17.0/STM32CubeIDE/plugins/com.st.stm32cube.ide.mcu.externaltools.gnu-tools-for-stm32.13.3.rel1.win32_1.0.0.202411081344/tools/bin/../lib/gcc/arm-none-eabi/13.3.1/thumb/v7e-m+fp/hard\libgcc.a
LOAD D:/Download/APPS/STM32/STM32CubeIDE_1.17.0/STM32CubeIDE/plugins/com.st.stm32cube.ide.mcu.externaltools.gnu-tools-for-stm32.13.3.rel1.win32_1.0.0.202411081344/tools/bin/../lib/gcc/arm-none-eabi/13.3.1/../../../../arm-none-eabi/lib/thumb/v7e-m+fp/hard\libc_nano.a
LOAD D:/Download/APPS/STM32/STM32CubeIDE_1.17.0/STM32CubeIDE/plugins/com.st.stm32cube.ide.mcu.externaltools.gnu-tools-for-stm32.13.3.rel1.win32_1.0.0.202411081344/tools/bin/../lib/gcc/arm-none-eabi/13.3.1/../../../../arm-none-eabi/lib/thumb/v7e-m+fp/hard\libnosys.a
END GROUP
LOAD D:/Download/APPS/STM32/STM32CubeIDE_1.17.0/STM32CubeIDE/plugins/com.st.stm32cube.ide.mcu.externaltools.gnu-tools-for-stm32.13.3.rel1.win32_1.0.0.202411081344/tools/bin/../lib/gcc/arm-none-eabi/13.3.1/thumb/v7e-m+fp/hard/crtend.o
LOAD D:/Download/APPS/STM32/STM32CubeIDE_1.17.0/STM32CubeIDE/plugins/com.st.stm32cube.ide.mcu.externaltools.gnu-tools-for-stm32.13.3.rel1.win32_1.0.0.202411081344/tools/bin/../lib/gcc/arm-none-eabi/13.3.1/thumb/v7e-m+fp/hard/crtn.o
                0x20020000                        _estack = (ORIGIN (RAM) + LENGTH (RAM))
                0x00000200                        _Min_Heap_Size = 0x200
                0x00000400                        _Min_Stack_Size = 0x400

.isr_vector     0x08000000      0x188
                0x08000000                        . = ALIGN (0x4)
 *(.isr_vector)
 .isr_vector    0x08000000      0x188 ./Core/Startup/startup_stm32f407vetx.o
                0x08000000                g_pfnVectors
                0x08000188                        . = ALIGN (0x4)

.text           0x08000188     0x5608
                0x08000188                        . = ALIGN (0x4)
 *(.text)
 .text          0x08000188       0x40 D:/Download/APPS/STM32/STM32CubeIDE_1.17.0/STM32CubeIDE/plugins/com.st.stm32cube.ide.mcu.externaltools.gnu-tools-for-stm32.13.3.rel1.win32_1.0.0.202411081344/tools/bin/../lib/gcc/arm-none-eabi/13.3.1/thumb/v7e-m+fp/hard/crtbegin.o
 .text          0x080001c8       0x30 D:/Download/APPS/STM32/STM32CubeIDE_1.17.0/STM32CubeIDE/plugins/com.st.stm32cube.ide.mcu.externaltools.gnu-tools-for-stm32.13.3.rel1.win32_1.0.0.202411081344/tools/bin/../lib/gcc/arm-none-eabi/13.3.1/thumb/v7e-m+fp/hard\libgcc.a(_aeabi_uldivmod.o)
                0x080001c8                __aeabi_uldivmod
 .text          0x080001f8      0x2f8 D:/Download/APPS/STM32/STM32CubeIDE_1.17.0/STM32CubeIDE/plugins/com.st.stm32cube.ide.mcu.externaltools.gnu-tools-for-stm32.13.3.rel1.win32_1.0.0.202411081344/tools/bin/../lib/gcc/arm-none-eabi/13.3.1/thumb/v7e-m+fp/hard\libgcc.a(_udivmoddi4.o)
                0x080001f8                __udivmoddi4
 .text          0x080004f0        0x4 D:/Download/APPS/STM32/STM32CubeIDE_1.17.0/STM32CubeIDE/plugins/com.st.stm32cube.ide.mcu.externaltools.gnu-tools-for-stm32.13.3.rel1.win32_1.0.0.202411081344/tools/bin/../lib/gcc/arm-none-eabi/13.3.1/thumb/v7e-m+fp/hard\libgcc.a(_dvmd_tls.o)
                0x080004f0                __aeabi_idiv0
                0x080004f0                __aeabi_ldiv0
 *(.text*)
 .text.Kalman_Init
                0x080004f4       0x64 ./Core/Src/main.o
                0x080004f4                Kalman_Init
 .text.Kalman_getAngle
                0x08000558      0x1f4 ./Core/Src/main.o
                0x08000558                Kalman_getAngle
 .text.Motor_Control
                0x0800074c      0x110 ./Core/Src/main.o
                0x0800074c                Motor_Control
 .text.HAL_TIM_PeriodElapsedCallback
                0x0800085c      0x348 ./Core/Src/main.o
                0x0800085c                HAL_TIM_PeriodElapsedCallback
 .text.main     0x08000ba4       0x8c ./Core/Src/main.o
                0x08000ba4                main
 .text.SystemClock_Config
                0x08000c30       0xd4 ./Core/Src/main.o
                0x08000c30                SystemClock_Config
 .text.MX_I2C1_Init
                0x08000d04       0x5c ./Core/Src/main.o
 .text.MX_TIM2_Init
                0x08000d60       0xa8 ./Core/Src/main.o
 .text.MX_TIM3_Init
                0x08000e08       0xc8 ./Core/Src/main.o
 .text.MX_TIM4_Init
                0x08000ed0       0xa8 ./Core/Src/main.o
 .text.MX_TIM5_Init
                0x08000f78       0x9c ./Core/Src/main.o
 .text.MX_USART2_UART_Init
                0x08001014       0x54 ./Core/Src/main.o
 .text.MX_GPIO_Init
                0x08001068      0x108 ./Core/Src/main.o
 .text.Error_Handler
                0x08001170        0xc ./Core/Src/main.o
                0x08001170                Error_Handler
 .text.mpu6050_init
                0x0800117c       0x90 ./Core/Src/mpu6050.o
                0x0800117c                mpu6050_init
 .text.mpu6050_read_gyro
                0x0800120c      0x150 ./Core/Src/mpu6050.o
                0x0800120c                mpu6050_read_gyro
 .text.mpu6050_read_accel
                0x0800135c      0x1ac ./Core/Src/mpu6050.o
                0x0800135c                mpu6050_read_accel
 .text.HAL_MspInit
                0x08001508       0x50 ./Core/Src/stm32f4xx_hal_msp.o
                0x08001508                HAL_MspInit
 .text.HAL_I2C_MspInit
                0x08001558       0x90 ./Core/Src/stm32f4xx_hal_msp.o
                0x08001558                HAL_I2C_MspInit
 .text.HAL_TIM_Encoder_MspInit
                0x080015e8       0xf8 ./Core/Src/stm32f4xx_hal_msp.o
                0x080015e8                HAL_TIM_Encoder_MspInit
 .text.HAL_TIM_PWM_MspInit
                0x080016e0       0x44 ./Core/Src/stm32f4xx_hal_msp.o
                0x080016e0                HAL_TIM_PWM_MspInit
 .text.HAL_TIM_Base_MspInit
                0x08001724       0x50 ./Core/Src/stm32f4xx_hal_msp.o
                0x08001724                HAL_TIM_Base_MspInit
 .text.HAL_TIM_MspPostInit
                0x08001774       0x74 ./Core/Src/stm32f4xx_hal_msp.o
                0x08001774                HAL_TIM_MspPostInit
 .text.HAL_UART_MspInit
                0x080017e8       0x90 ./Core/Src/stm32f4xx_hal_msp.o
                0x080017e8                HAL_UART_MspInit
 .text.NMI_Handler
                0x08001878        0x8 ./Core/Src/stm32f4xx_it.o
                0x08001878                NMI_Handler
 .text.HardFault_Handler
                0x08001880        0x8 ./Core/Src/stm32f4xx_it.o
                0x08001880                HardFault_Handler
 .text.MemManage_Handler
                0x08001888        0x8 ./Core/Src/stm32f4xx_it.o
                0x08001888                MemManage_Handler
 .text.BusFault_Handler
                0x08001890        0x8 ./Core/Src/stm32f4xx_it.o
                0x08001890                BusFault_Handler
 .text.UsageFault_Handler
                0x08001898        0x8 ./Core/Src/stm32f4xx_it.o
                0x08001898                UsageFault_Handler
 .text.SVC_Handler
                0x080018a0        0xe ./Core/Src/stm32f4xx_it.o
                0x080018a0                SVC_Handler
 .text.DebugMon_Handler
                0x080018ae        0xe ./Core/Src/stm32f4xx_it.o
                0x080018ae                DebugMon_Handler
 .text.PendSV_Handler
                0x080018bc        0xe ./Core/Src/stm32f4xx_it.o
                0x080018bc                PendSV_Handler
 .text.SysTick_Handler
                0x080018ca        0xc ./Core/Src/stm32f4xx_it.o
                0x080018ca                SysTick_Handler
 *fill*         0x080018d6        0x2 
 .text.TIM5_IRQHandler
                0x080018d8       0x14 ./Core/Src/stm32f4xx_it.o
                0x080018d8                TIM5_IRQHandler
 .text.SystemInit
                0x080018ec       0x24 ./Core/Src/system_stm32f4xx.o
                0x080018ec                SystemInit
 .text.Reset_Handler
                0x08001910       0x50 ./Core/Startup/startup_stm32f407vetx.o
                0x08001910                Reset_Handler
 .text.Default_Handler
                0x08001960        0x2 ./Core/Startup/startup_stm32f407vetx.o
                0x08001960                RTC_Alarm_IRQHandler
                0x08001960                HASH_RNG_IRQHandler
                0x08001960                EXTI2_IRQHandler
                0x08001960                TIM8_CC_IRQHandler
                0x08001960                TIM1_CC_IRQHandler
                0x08001960                DMA2_Stream5_IRQHandler
                0x08001960                DMA1_Stream5_IRQHandler
                0x08001960                PVD_IRQHandler
                0x08001960                SDIO_IRQHandler
                0x08001960                TAMP_STAMP_IRQHandler
                0x08001960                CAN2_RX1_IRQHandler
                0x08001960                EXTI3_IRQHandler
                0x08001960                TIM8_TRG_COM_TIM14_IRQHandler
                0x08001960                TIM1_UP_TIM10_IRQHandler
                0x08001960                TIM8_UP_TIM13_IRQHandler
                0x08001960                I2C3_ER_IRQHandler
                0x08001960                EXTI0_IRQHandler
                0x08001960                I2C2_EV_IRQHandler
                0x08001960                DMA1_Stream2_IRQHandler
                0x08001960                CAN1_RX0_IRQHandler
                0x08001960                FPU_IRQHandler
                0x08001960                OTG_HS_WKUP_IRQHandler
                0x08001960                CAN2_SCE_IRQHandler
                0x08001960                DMA2_Stream2_IRQHandler
                0x08001960                SPI1_IRQHandler
                0x08001960                TIM6_DAC_IRQHandler
                0x08001960                TIM1_BRK_TIM9_IRQHandler
                0x08001960                DCMI_IRQHandler
                0x08001960                CAN2_RX0_IRQHandler
                0x08001960                DMA2_Stream3_IRQHandler
                0x08001960                USART6_IRQHandler
                0x08001960                USART3_IRQHandler
                0x08001960                CAN1_RX1_IRQHandler
                0x08001960                UART5_IRQHandler
                0x08001960                DMA2_Stream0_IRQHandler
                0x08001960                TIM4_IRQHandler
                0x08001960                I2C1_EV_IRQHandler
                0x08001960                DMA1_Stream6_IRQHandler
                0x08001960                DMA1_Stream1_IRQHandler
                0x08001960                UART4_IRQHandler
                0x08001960                TIM3_IRQHandler
                0x08001960                RCC_IRQHandler
                0x08001960                TIM8_BRK_TIM12_IRQHandler
                0x08001960                Default_Handler
                0x08001960                EXTI15_10_IRQHandler
                0x08001960                ADC_IRQHandler
                0x08001960                DMA1_Stream7_IRQHandler
                0x08001960                TIM7_IRQHandler
                0x08001960                CAN2_TX_IRQHandler
                0x08001960                DMA2_Stream7_IRQHandler
                0x08001960                I2C3_EV_IRQHandler
                0x08001960                EXTI9_5_IRQHandler
                0x08001960                RTC_WKUP_IRQHandler
                0x08001960                ETH_WKUP_IRQHandler
                0x08001960                SPI2_IRQHandler
                0x08001960                OTG_HS_EP1_IN_IRQHandler
                0x08001960                DMA1_Stream0_IRQHandler
                0x08001960                CAN1_TX_IRQHandler
                0x08001960                EXTI4_IRQHandler
                0x08001960                FSMC_IRQHandler
                0x08001960                ETH_IRQHandler
                0x08001960                OTG_HS_EP1_OUT_IRQHandler
                0x08001960                WWDG_IRQHandler
                0x08001960                TIM2_IRQHandler
                0x08001960                OTG_FS_WKUP_IRQHandler
                0x08001960                TIM1_TRG_COM_TIM11_IRQHandler
                0x08001960                OTG_HS_IRQHandler
                0x08001960                EXTI1_IRQHandler
                0x08001960                USART2_IRQHandler
                0x08001960                I2C2_ER_IRQHandler
                0x08001960                DMA2_Stream1_IRQHandler
                0x08001960                CAN1_SCE_IRQHandler
                0x08001960                FLASH_IRQHandler
                0x08001960                DMA2_Stream4_IRQHandler
                0x08001960                USART1_IRQHandler
                0x08001960                OTG_FS_IRQHandler
                0x08001960                SPI3_IRQHandler
                0x08001960                DMA1_Stream4_IRQHandler
                0x08001960                I2C1_ER_IRQHandler
                0x08001960                DMA2_Stream6_IRQHandler
                0x08001960                DMA1_Stream3_IRQHandler
 *fill*         0x08001962        0x2 
 .text.HAL_Init
                0x08001964       0x44 ./Drivers/STM32F4xx_HAL_Driver/stm32f4xx_hal.o
                0x08001964                HAL_Init
 .text.HAL_InitTick
                0x080019a8       0x60 ./Drivers/STM32F4xx_HAL_Driver/stm32f4xx_hal.o
                0x080019a8                HAL_InitTick
 .text.HAL_IncTick
                0x08001a08       0x28 ./Drivers/STM32F4xx_HAL_Driver/stm32f4xx_hal.o
                0x08001a08                HAL_IncTick
 .text.HAL_GetTick
                0x08001a30       0x18 ./Drivers/STM32F4xx_HAL_Driver/stm32f4xx_hal.o
                0x08001a30                HAL_GetTick
 .text.HAL_Delay
                0x08001a48       0x48 ./Drivers/STM32F4xx_HAL_Driver/stm32f4xx_hal.o
                0x08001a48                HAL_Delay
 .text.__NVIC_SetPriorityGrouping
                0x08001a90       0x48 ./Drivers/STM32F4xx_HAL_Driver/stm32f4xx_hal_cortex.o
 .text.__NVIC_GetPriorityGrouping
                0x08001ad8       0x1c ./Drivers/STM32F4xx_HAL_Driver/stm32f4xx_hal_cortex.o
 .text.__NVIC_EnableIRQ
                0x08001af4       0x3c ./Drivers/STM32F4xx_HAL_Driver/stm32f4xx_hal_cortex.o
 .text.__NVIC_SetPriority
                0x08001b30       0x54 ./Drivers/STM32F4xx_HAL_Driver/stm32f4xx_hal_cortex.o
 .text.NVIC_EncodePriority
                0x08001b84       0x66 ./Drivers/STM32F4xx_HAL_Driver/stm32f4xx_hal_cortex.o
 *fill*         0x08001bea        0x2 
 .text.SysTick_Config
                0x08001bec       0x44 ./Drivers/STM32F4xx_HAL_Driver/stm32f4xx_hal_cortex.o
 .text.HAL_NVIC_SetPriorityGrouping
                0x08001c30       0x16 ./Drivers/STM32F4xx_HAL_Driver/stm32f4xx_hal_cortex.o
                0x08001c30                HAL_NVIC_SetPriorityGrouping
 .text.HAL_NVIC_SetPriority
                0x08001c46       0x38 ./Drivers/STM32F4xx_HAL_Driver/stm32f4xx_hal_cortex.o
                0x08001c46                HAL_NVIC_SetPriority
 .text.HAL_NVIC_EnableIRQ
                0x08001c7e       0x1c ./Drivers/STM32F4xx_HAL_Driver/stm32f4xx_hal_cortex.o
                0x08001c7e                HAL_NVIC_EnableIRQ
 .text.HAL_SYSTICK_Config
                0x08001c9a       0x18 ./Drivers/STM32F4xx_HAL_Driver/stm32f4xx_hal_cortex.o
                0x08001c9a                HAL_SYSTICK_Config
 *fill*         0x08001cb2        0x2 
 .text.HAL_GPIO_Init
                0x08001cb4      0x338 ./Drivers/STM32F4xx_HAL_Driver/stm32f4xx_hal_gpio.o
                0x08001cb4                HAL_GPIO_Init
 .text.HAL_GPIO_WritePin
                0x08001fec       0x32 ./Drivers/STM32F4xx_HAL_Driver/stm32f4xx_hal_gpio.o
                0x08001fec                HAL_GPIO_WritePin
 *fill*         0x0800201e        0x2 
 .text.HAL_I2C_Init
                0x08002020      0x288 ./Drivers/STM32F4xx_HAL_Driver/stm32f4xx_hal_i2c.o
                0x08002020                HAL_I2C_Init
 .text.HAL_I2C_Mem_Write
                0x080022a8      0x1f4 ./Drivers/STM32F4xx_HAL_Driver/stm32f4xx_hal_i2c.o
                0x080022a8                HAL_I2C_Mem_Write
 .text.HAL_I2C_Mem_Read
                0x0800249c      0x464 ./Drivers/STM32F4xx_HAL_Driver/stm32f4xx_hal_i2c.o
                0x0800249c                HAL_I2C_Mem_Read
 .text.HAL_I2C_IsDeviceReady
                0x08002900      0x25c ./Drivers/STM32F4xx_HAL_Driver/stm32f4xx_hal_i2c.o
                0x08002900                HAL_I2C_IsDeviceReady
 .text.I2C_RequestMemoryWrite
                0x08002b5c      0x12c ./Drivers/STM32F4xx_HAL_Driver/stm32f4xx_hal_i2c.o
 .text.I2C_RequestMemoryRead
                0x08002c88      0x1d0 ./Drivers/STM32F4xx_HAL_Driver/stm32f4xx_hal_i2c.o
 .text.I2C_WaitOnFlagUntilTimeout
                0x08002e58       0xf4 ./Drivers/STM32F4xx_HAL_Driver/stm32f4xx_hal_i2c.o
 .text.I2C_WaitOnMasterAddressFlagUntilTimeout
                0x08002f4c      0x140 ./Drivers/STM32F4xx_HAL_Driver/stm32f4xx_hal_i2c.o
 .text.I2C_WaitOnTXEFlagUntilTimeout
                0x0800308c       0x90 ./Drivers/STM32F4xx_HAL_Driver/stm32f4xx_hal_i2c.o
 .text.I2C_WaitOnBTFFlagUntilTimeout
                0x0800311c       0x90 ./Drivers/STM32F4xx_HAL_Driver/stm32f4xx_hal_i2c.o
 .text.I2C_WaitOnRXNEFlagUntilTimeout
                0x080031ac       0xba ./Drivers/STM32F4xx_HAL_Driver/stm32f4xx_hal_i2c.o
 .text.I2C_IsAcknowledgeFailed
                0x08003266       0x5e ./Drivers/STM32F4xx_HAL_Driver/stm32f4xx_hal_i2c.o
 .text.HAL_RCC_OscConfig
                0x080032c4      0x4f0 ./Drivers/STM32F4xx_HAL_Driver/stm32f4xx_hal_rcc.o
                0x080032c4                HAL_RCC_OscConfig
 .text.HAL_RCC_ClockConfig
                0x080037b4      0x1cc ./Drivers/STM32F4xx_HAL_Driver/stm32f4xx_hal_rcc.o
                0x080037b4                HAL_RCC_ClockConfig
 .text.HAL_RCC_GetSysClockFreq
                0x08003980      0x20c ./Drivers/STM32F4xx_HAL_Driver/stm32f4xx_hal_rcc.o
                0x08003980                HAL_RCC_GetSysClockFreq
 .text.HAL_RCC_GetHCLKFreq
                0x08003b8c       0x18 ./Drivers/STM32F4xx_HAL_Driver/stm32f4xx_hal_rcc.o
                0x08003b8c                HAL_RCC_GetHCLKFreq
 .text.HAL_RCC_GetPCLK1Freq
                0x08003ba4       0x28 ./Drivers/STM32F4xx_HAL_Driver/stm32f4xx_hal_rcc.o
                0x08003ba4                HAL_RCC_GetPCLK1Freq
 .text.HAL_RCC_GetPCLK2Freq
                0x08003bcc       0x28 ./Drivers/STM32F4xx_HAL_Driver/stm32f4xx_hal_rcc.o
                0x08003bcc                HAL_RCC_GetPCLK2Freq
 .text.HAL_TIM_Base_Init
                0x08003bf4       0x9e ./Drivers/STM32F4xx_HAL_Driver/stm32f4xx_hal_tim.o
                0x08003bf4                HAL_TIM_Base_Init
 *fill*         0x08003c92        0x2 
 .text.HAL_TIM_Base_Start_IT
                0x08003c94       0xe0 ./Drivers/STM32F4xx_HAL_Driver/stm32f4xx_hal_tim.o
                0x08003c94                HAL_TIM_Base_Start_IT
 .text.HAL_TIM_PWM_Init
                0x08003d74       0x9e ./Drivers/STM32F4xx_HAL_Driver/stm32f4xx_hal_tim.o
                0x08003d74                HAL_TIM_PWM_Init
 *fill*         0x08003e12        0x2 
 .text.HAL_TIM_PWM_Start
                0x08003e14      0x190 ./Drivers/STM32F4xx_HAL_Driver/stm32f4xx_hal_tim.o
                0x08003e14                HAL_TIM_PWM_Start
 .text.HAL_TIM_Encoder_Init
                0x08003fa4      0x14c ./Drivers/STM32F4xx_HAL_Driver/stm32f4xx_hal_tim.o
                0x08003fa4                HAL_TIM_Encoder_Init
 .text.HAL_TIM_Encoder_Start
                0x080040f0      0x11c ./Drivers/STM32F4xx_HAL_Driver/stm32f4xx_hal_tim.o
                0x080040f0                HAL_TIM_Encoder_Start
 .text.HAL_TIM_IRQHandler
                0x0800420c      0x1e0 ./Drivers/STM32F4xx_HAL_Driver/stm32f4xx_hal_tim.o
                0x0800420c                HAL_TIM_IRQHandler
 .text.HAL_TIM_PWM_ConfigChannel
                0x080043ec      0x184 ./Drivers/STM32F4xx_HAL_Driver/stm32f4xx_hal_tim.o
                0x080043ec                HAL_TIM_PWM_ConfigChannel
 .text.HAL_TIM_ConfigClockSource
                0x08004570      0x18e ./Drivers/STM32F4xx_HAL_Driver/stm32f4xx_hal_tim.o
                0x08004570                HAL_TIM_ConfigClockSource
 .text.HAL_TIM_OC_DelayElapsedCallback
                0x080046fe       0x14 ./Drivers/STM32F4xx_HAL_Driver/stm32f4xx_hal_tim.o
                0x080046fe                HAL_TIM_OC_DelayElapsedCallback
 .text.HAL_TIM_IC_CaptureCallback
                0x08004712       0x14 ./Drivers/STM32F4xx_HAL_Driver/stm32f4xx_hal_tim.o
                0x08004712                HAL_TIM_IC_CaptureCallback
 .text.HAL_TIM_PWM_PulseFinishedCallback
                0x08004726       0x14 ./Drivers/STM32F4xx_HAL_Driver/stm32f4xx_hal_tim.o
                0x08004726                HAL_TIM_PWM_PulseFinishedCallback
 .text.HAL_TIM_TriggerCallback
                0x0800473a       0x14 ./Drivers/STM32F4xx_HAL_Driver/stm32f4xx_hal_tim.o
                0x0800473a                HAL_TIM_TriggerCallback
 *fill*         0x0800474e        0x2 
 .text.TIM_Base_SetConfig
                0x08004750      0x14c ./Drivers/STM32F4xx_HAL_Driver/stm32f4xx_hal_tim.o
                0x08004750                TIM_Base_SetConfig
 .text.TIM_OC1_SetConfig
                0x0800489c       0xe0 ./Drivers/STM32F4xx_HAL_Driver/stm32f4xx_hal_tim.o
 .text.TIM_OC2_SetConfig
                0x0800497c       0xec ./Drivers/STM32F4xx_HAL_Driver/stm32f4xx_hal_tim.o
                0x0800497c                TIM_OC2_SetConfig
 .text.TIM_OC3_SetConfig
                0x08004a68       0xe8 ./Drivers/STM32F4xx_HAL_Driver/stm32f4xx_hal_tim.o
 .text.TIM_OC4_SetConfig
                0x08004b50       0xac ./Drivers/STM32F4xx_HAL_Driver/stm32f4xx_hal_tim.o
 .text.TIM_TI1_ConfigInputStage
                0x08004bfc       0x5e ./Drivers/STM32F4xx_HAL_Driver/stm32f4xx_hal_tim.o
 .text.TIM_TI2_ConfigInputStage
                0x08004c5a       0x60 ./Drivers/STM32F4xx_HAL_Driver/stm32f4xx_hal_tim.o
 .text.TIM_ITRx_SetConfig
                0x08004cba       0x36 ./Drivers/STM32F4xx_HAL_Driver/stm32f4xx_hal_tim.o
 .text.TIM_ETR_SetConfig
                0x08004cf0       0x40 ./Drivers/STM32F4xx_HAL_Driver/stm32f4xx_hal_tim.o
                0x08004cf0                TIM_ETR_SetConfig
 .text.TIM_CCxChannelCmd
                0x08004d30       0x4a ./Drivers/STM32F4xx_HAL_Driver/stm32f4xx_hal_tim.o
                0x08004d30                TIM_CCxChannelCmd
 *fill*         0x08004d7a        0x2 
 .text.HAL_TIMEx_MasterConfigSynchronization
                0x08004d7c       0xf8 ./Drivers/STM32F4xx_HAL_Driver/stm32f4xx_hal_tim_ex.o
                0x08004d7c                HAL_TIMEx_MasterConfigSynchronization
 .text.HAL_TIMEx_CommutCallback
                0x08004e74       0x14 ./Drivers/STM32F4xx_HAL_Driver/stm32f4xx_hal_tim_ex.o
                0x08004e74                HAL_TIMEx_CommutCallback
 .text.HAL_TIMEx_BreakCallback
                0x08004e88       0x14 ./Drivers/STM32F4xx_HAL_Driver/stm32f4xx_hal_tim_ex.o
                0x08004e88                HAL_TIMEx_BreakCallback
 .text.HAL_UART_Init
                0x08004e9c       0xa0 ./Drivers/STM32F4xx_HAL_Driver/stm32f4xx_hal_uart.o
                0x08004e9c                HAL_UART_Init
 .text.UART_SetConfig
                0x08004f3c      0x4e8 ./Drivers/STM32F4xx_HAL_Driver/stm32f4xx_hal_uart.o
 .text.memset   0x08005424       0x10 D:/Download/APPS/STM32/STM32CubeIDE_1.17.0/STM32CubeIDE/plugins/com.st.stm32cube.ide.mcu.externaltools.gnu-tools-for-stm32.13.3.rel1.win32_1.0.0.202411081344/tools/bin/../lib/gcc/arm-none-eabi/13.3.1/../../../../arm-none-eabi/lib/thumb/v7e-m+fp/hard\libc_nano.a(libc_a-memset.o)
                0x08005424                memset
 .text.__libc_init_array
                0x08005434       0x48 D:/Download/APPS/STM32/STM32CubeIDE_1.17.0/STM32CubeIDE/plugins/com.st.stm32cube.ide.mcu.externaltools.gnu-tools-for-stm32.13.3.rel1.win32_1.0.0.202411081344/tools/bin/../lib/gcc/arm-none-eabi/13.3.1/../../../../arm-none-eabi/lib/thumb/v7e-m+fp/hard\libc_nano.a(libc_a-init.o)
                0x08005434                __libc_init_array
 .text.atan2f   0x0800547c        0x4 D:/Download/APPS/STM32/STM32CubeIDE_1.17.0/STM32CubeIDE/plugins/com.st.stm32cube.ide.mcu.externaltools.gnu-tools-for-stm32.13.3.rel1.win32_1.0.0.202411081344/tools/bin/../lib/gcc/arm-none-eabi/13.3.1/../../../../arm-none-eabi/lib/thumb/v7e-m+fp/hard\libm.a(libm_a-wf_atan2.o)
                0x0800547c                atan2f
 .text.__ieee754_atan2f
                0x08005480      0x140 D:/Download/APPS/STM32/STM32CubeIDE_1.17.0/STM32CubeIDE/plugins/com.st.stm32cube.ide.mcu.externaltools.gnu-tools-for-stm32.13.3.rel1.win32_1.0.0.202411081344/tools/bin/../lib/gcc/arm-none-eabi/13.3.1/../../../../arm-none-eabi/lib/thumb/v7e-m+fp/hard\libm.a(libm_a-ef_atan2.o)
                0x08005480                __ieee754_atan2f
 .text.atanf    0x080055c0      0x1a8 D:/Download/APPS/STM32/STM32CubeIDE_1.17.0/STM32CubeIDE/plugins/com.st.stm32cube.ide.mcu.externaltools.gnu-tools-for-stm32.13.3.rel1.win32_1.0.0.202411081344/tools/bin/../lib/gcc/arm-none-eabi/13.3.1/../../../../arm-none-eabi/lib/thumb/v7e-m+fp/hard\libm.a(libm_a-sf_atan.o)
                0x080055c0                atanf
 .text.fabsf    0x08005768        0xe D:/Download/APPS/STM32/STM32CubeIDE_1.17.0/STM32CubeIDE/plugins/com.st.stm32cube.ide.mcu.externaltools.gnu-tools-for-stm32.13.3.rel1.win32_1.0.0.202411081344/tools/bin/../lib/gcc/arm-none-eabi/13.3.1/../../../../arm-none-eabi/lib/thumb/v7e-m+fp/hard\libm.a(libm_a-sf_fabs.o)
                0x08005768                fabsf
 *(.glue_7)
 .glue_7        0x08005776        0x0 linker stubs
 *(.glue_7t)
 .glue_7t       0x08005776        0x0 linker stubs
 *(.eh_frame)
 *fill*         0x08005776        0x2 
 .eh_frame      0x08005778        0x0 D:/Download/APPS/STM32/STM32CubeIDE_1.17.0/STM32CubeIDE/plugins/com.st.stm32cube.ide.mcu.externaltools.gnu-tools-for-stm32.13.3.rel1.win32_1.0.0.202411081344/tools/bin/../lib/gcc/arm-none-eabi/13.3.1/thumb/v7e-m+fp/hard/crtbegin.o
 *(.init)
 .init          0x08005778        0x4 D:/Download/APPS/STM32/STM32CubeIDE_1.17.0/STM32CubeIDE/plugins/com.st.stm32cube.ide.mcu.externaltools.gnu-tools-for-stm32.13.3.rel1.win32_1.0.0.202411081344/tools/bin/../lib/gcc/arm-none-eabi/13.3.1/thumb/v7e-m+fp/hard/crti.o
                0x08005778                _init
 .init          0x0800577c        0x8 D:/Download/APPS/STM32/STM32CubeIDE_1.17.0/STM32CubeIDE/plugins/com.st.stm32cube.ide.mcu.externaltools.gnu-tools-for-stm32.13.3.rel1.win32_1.0.0.202411081344/tools/bin/../lib/gcc/arm-none-eabi/13.3.1/thumb/v7e-m+fp/hard/crtn.o
 *(.fini)
 .fini          0x08005784        0x4 D:/Download/APPS/STM32/STM32CubeIDE_1.17.0/STM32CubeIDE/plugins/com.st.stm32cube.ide.mcu.externaltools.gnu-tools-for-stm32.13.3.rel1.win32_1.0.0.202411081344/tools/bin/../lib/gcc/arm-none-eabi/13.3.1/thumb/v7e-m+fp/hard/crti.o
                0x08005784                _fini
 .fini          0x08005788        0x8 D:/Download/APPS/STM32/STM32CubeIDE_1.17.0/STM32CubeIDE/plugins/com.st.stm32cube.ide.mcu.externaltools.gnu-tools-for-stm32.13.3.rel1.win32_1.0.0.202411081344/tools/bin/../lib/gcc/arm-none-eabi/13.3.1/thumb/v7e-m+fp/hard/crtn.o
                0x08005790                        . = ALIGN (0x4)
                0x08005790                        _etext = .

.vfp11_veneer   0x08005790        0x0
 .vfp11_veneer  0x08005790        0x0 linker stubs

.v4_bx          0x08005790        0x0
 .v4_bx         0x08005790        0x0 linker stubs

.iplt           0x08005790        0x0
 .iplt          0x08005790        0x0 D:/Download/APPS/STM32/STM32CubeIDE_1.17.0/STM32CubeIDE/plugins/com.st.stm32cube.ide.mcu.externaltools.gnu-tools-for-stm32.13.3.rel1.win32_1.0.0.202411081344/tools/bin/../lib/gcc/arm-none-eabi/13.3.1/thumb/v7e-m+fp/hard/crtbegin.o

.rodata         0x08005790       0x50
                0x08005790                        . = ALIGN (0x4)
 *(.rodata)
 *(.rodata*)
 .rodata.AHBPrescTable
                0x08005790       0x10 ./Core/Src/system_stm32f4xx.o
                0x08005790                AHBPrescTable
 .rodata.APBPrescTable
                0x080057a0        0x8 ./Core/Src/system_stm32f4xx.o
                0x080057a0                APBPrescTable
 .rodata.CSWTCH.9
                0x080057a8        0xc D:/Download/APPS/STM32/STM32CubeIDE_1.17.0/STM32CubeIDE/plugins/com.st.stm32cube.ide.mcu.externaltools.gnu-tools-for-stm32.13.3.rel1.win32_1.0.0.202411081344/tools/bin/../lib/gcc/arm-none-eabi/13.3.1/../../../../arm-none-eabi/lib/thumb/v7e-m+fp/hard\libm.a(libm_a-ef_atan2.o)
 .rodata.CSWTCH.8
                0x080057b4        0xc D:/Download/APPS/STM32/STM32CubeIDE_1.17.0/STM32CubeIDE/plugins/com.st.stm32cube.ide.mcu.externaltools.gnu-tools-for-stm32.13.3.rel1.win32_1.0.0.202411081344/tools/bin/../lib/gcc/arm-none-eabi/13.3.1/../../../../arm-none-eabi/lib/thumb/v7e-m+fp/hard\libm.a(libm_a-ef_atan2.o)
 .rodata.atanlo
                0x080057c0       0x10 D:/Download/APPS/STM32/STM32CubeIDE_1.17.0/STM32CubeIDE/plugins/com.st.stm32cube.ide.mcu.externaltools.gnu-tools-for-stm32.13.3.rel1.win32_1.0.0.202411081344/tools/bin/../lib/gcc/arm-none-eabi/13.3.1/../../../../arm-none-eabi/lib/thumb/v7e-m+fp/hard\libm.a(libm_a-sf_atan.o)
 .rodata.atanhi
                0x080057d0       0x10 D:/Download/APPS/STM32/STM32CubeIDE_1.17.0/STM32CubeIDE/plugins/com.st.stm32cube.ide.mcu.externaltools.gnu-tools-for-stm32.13.3.rel1.win32_1.0.0.202411081344/tools/bin/../lib/gcc/arm-none-eabi/13.3.1/../../../../arm-none-eabi/lib/thumb/v7e-m+fp/hard\libm.a(libm_a-sf_atan.o)
                0x080057e0                        . = ALIGN (0x4)

.ARM.extab      0x080057e0        0x0
                0x080057e0                        . = ALIGN (0x4)
 *(.ARM.extab* .gnu.linkonce.armextab.*)
                0x080057e0                        . = ALIGN (0x4)

.ARM            0x080057e0        0x8
                0x080057e0                        . = ALIGN (0x4)
                0x080057e0                        __exidx_start = .
 *(.ARM.exidx*)
 .ARM.exidx     0x080057e0        0x8 D:/Download/APPS/STM32/STM32CubeIDE_1.17.0/STM32CubeIDE/plugins/com.st.stm32cube.ide.mcu.externaltools.gnu-tools-for-stm32.13.3.rel1.win32_1.0.0.202411081344/tools/bin/../lib/gcc/arm-none-eabi/13.3.1/thumb/v7e-m+fp/hard\libgcc.a(_udivmoddi4.o)
                0x080057e8                        __exidx_end = .
                0x080057e8                        . = ALIGN (0x4)

.preinit_array  0x080057e8        0x0
                0x080057e8                        . = ALIGN (0x4)
                0x080057e8                        PROVIDE (__preinit_array_start = .)
 *(.preinit_array*)
                0x080057e8                        PROVIDE (__preinit_array_end = .)
                0x080057e8                        . = ALIGN (0x4)

.init_array     0x080057e8        0x4
                0x080057e8                        . = ALIGN (0x4)
                0x080057e8                        PROVIDE (__init_array_start = .)
 *(SORT_BY_NAME(.init_array.*))
 *(.init_array*)
 .init_array    0x080057e8        0x4 D:/Download/APPS/STM32/STM32CubeIDE_1.17.0/STM32CubeIDE/plugins/com.st.stm32cube.ide.mcu.externaltools.gnu-tools-for-stm32.13.3.rel1.win32_1.0.0.202411081344/tools/bin/../lib/gcc/arm-none-eabi/13.3.1/thumb/v7e-m+fp/hard/crtbegin.o
                0x080057ec                        PROVIDE (__init_array_end = .)
                0x080057ec                        . = ALIGN (0x4)

.fini_array     0x080057ec        0x4
                0x080057ec                        . = ALIGN (0x4)
                [!provide]                        PROVIDE (__fini_array_start = .)
 *(SORT_BY_NAME(.fini_array.*))
 *(.fini_array*)
 .fini_array    0x080057ec        0x4 D:/Download/APPS/STM32/STM32CubeIDE_1.17.0/STM32CubeIDE/plugins/com.st.stm32cube.ide.mcu.externaltools.gnu-tools-for-stm32.13.3.rel1.win32_1.0.0.202411081344/tools/bin/../lib/gcc/arm-none-eabi/13.3.1/thumb/v7e-m+fp/hard/crtbegin.o
                [!provide]                        PROVIDE (__fini_array_end = .)
                0x080057f0                        . = ALIGN (0x4)
                0x080057f0                        _sidata = LOADADDR (.data)

.rel.dyn        0x080057f0        0x0
 .rel.iplt      0x080057f0        0x0 D:/Download/APPS/STM32/STM32CubeIDE_1.17.0/STM32CubeIDE/plugins/com.st.stm32cube.ide.mcu.externaltools.gnu-tools-for-stm32.13.3.rel1.win32_1.0.0.202411081344/tools/bin/../lib/gcc/arm-none-eabi/13.3.1/thumb/v7e-m+fp/hard/crtbegin.o

.data           0x20000000       0x24 load address 0x080057f0
                0x20000000                        . = ALIGN (0x4)
                0x20000000                        _sdata = .
 *(.data)
 *(.data*)
 .data.Kp_bal   0x20000000        0x4 ./Core/Src/main.o
                0x20000000                Kp_bal
 .data.Kd_bal   0x20000004        0x4 ./Core/Src/main.o
                0x20000004                Kd_bal
 .data.Ki_bal   0x20000008        0x4 ./Core/Src/main.o
                0x20000008                Ki_bal
 .data.Kp_speed
                0x2000000c        0x4 ./Core/Src/main.o
                0x2000000c                Kp_speed
 .data.Ki_speed
                0x20000010        0x4 ./Core/Src/main.o
                0x20000010                Ki_speed
 .data.angle_target
                0x20000014        0x4 ./Core/Src/main.o
                0x20000014                angle_target
 .data.SystemCoreClock
                0x20000018        0x4 ./Core/Src/system_stm32f4xx.o
                0x20000018                SystemCoreClock
 .data.uwTickPrio
                0x2000001c        0x4 ./Drivers/STM32F4xx_HAL_Driver/stm32f4xx_hal.o
                0x2000001c                uwTickPrio
 .data.uwTickFreq
                0x20000020        0x1 ./Drivers/STM32F4xx_HAL_Driver/stm32f4xx_hal.o
                0x20000020                uwTickFreq
 *(.RamFunc)
 *(.RamFunc*)
                0x20000024                        . = ALIGN (0x4)
 *fill*         0x20000021        0x3 
                0x20000024                        _edata = .
                0x08005814                        _siccmram = LOADADDR (.ccmram)

.igot.plt       0x20000024        0x0 load address 0x08005814
 .igot.plt      0x20000024        0x0 D:/Download/APPS/STM32/STM32CubeIDE_1.17.0/STM32CubeIDE/plugins/com.st.stm32cube.ide.mcu.externaltools.gnu-tools-for-stm32.13.3.rel1.win32_1.0.0.202411081344/tools/bin/../lib/gcc/arm-none-eabi/13.3.1/thumb/v7e-m+fp/hard/crtbegin.o

.ccmram         0x10000000        0x0 load address 0x08005814
                0x10000000                        . = ALIGN (0x4)
                0x10000000                        _sccmram = .
 *(.ccmram)
 *(.ccmram*)
                0x10000000                        . = ALIGN (0x4)
                0x10000000                        _eccmram = .
                0x10000000                        . = ALIGN (0x4)

.bss            0x20000024      0x288
                0x20000024                        _sbss = .
                0x20000024                        __bss_start__ = _sbss
 *(.bss)
 .bss           0x20000024       0x1c D:/Download/APPS/STM32/STM32CubeIDE_1.17.0/STM32CubeIDE/plugins/com.st.stm32cube.ide.mcu.externaltools.gnu-tools-for-stm32.13.3.rel1.win32_1.0.0.202411081344/tools/bin/../lib/gcc/arm-none-eabi/13.3.1/thumb/v7e-m+fp/hard/crtbegin.o
 *(.bss*)
 .bss.hi2c1     0x20000040       0x54 ./Core/Src/main.o
                0x20000040                hi2c1
 .bss.htim2     0x20000094       0x48 ./Core/Src/main.o
                0x20000094                htim2
 .bss.htim3     0x200000dc       0x48 ./Core/Src/main.o
                0x200000dc                htim3
 .bss.htim4     0x20000124       0x48 ./Core/Src/main.o
                0x20000124                htim4
 .bss.htim5     0x2000016c       0x48 ./Core/Src/main.o
                0x2000016c                htim5
 .bss.huart2    0x200001b4       0x48 ./Core/Src/main.o
                0x200001b4                huart2
 .bss.gyro      0x200001fc       0x20 ./Core/Src/main.o
                0x200001fc                gyro
 .bss.accel     0x2000021c       0x20 ./Core/Src/main.o
                0x2000021c                accel
 .bss.kalman_filter
                0x2000023c       0x24 ./Core/Src/main.o
                0x2000023c                kalman_filter
 .bss.robot_angle
                0x20000260        0x4 ./Core/Src/main.o
                0x20000260                robot_angle
 .bss.gyro_y_rate
                0x20000264        0x4 ./Core/Src/main.o
                0x20000264                gyro_y_rate
 .bss.motor_speed_L
                0x20000268        0x4 ./Core/Src/main.o
                0x20000268                motor_speed_L
 .bss.motor_speed_R
                0x2000026c        0x4 ./Core/Src/main.o
                0x2000026c                motor_speed_R
 .bss.current_speed
                0x20000270        0x4 ./Core/Src/main.o
                0x20000270                current_speed
 .bss.speed_integral
                0x20000274        0x4 ./Core/Src/main.o
                0x20000274                speed_integral
 .bss.angle_integral
                0x20000278        0x4 ./Core/Src/main.o
                0x20000278                angle_integral
 .bss.balance_pwm
                0x2000027c        0x4 ./Core/Src/main.o
                0x2000027c                balance_pwm
 .bss.total_pwm
                0x20000280        0x4 ./Core/Src/main.o
                0x20000280                total_pwm
 .bss.debug_gyro_x
                0x20000284        0x4 ./Core/Src/main.o
                0x20000284                debug_gyro_x
 .bss.debug_gyro_y
                0x20000288        0x4 ./Core/Src/main.o
                0x20000288                debug_gyro_y
 .bss.debug_gyro_z
                0x2000028c        0x4 ./Core/Src/main.o
                0x2000028c                debug_gyro_z
 .bss.debug_accel_x
                0x20000290        0x4 ./Core/Src/main.o
                0x20000290                debug_accel_x
 .bss.debug_accel_y
                0x20000294        0x4 ./Core/Src/main.o
                0x20000294                debug_accel_y
 .bss.debug_accel_z
                0x20000298        0x4 ./Core/Src/main.o
                0x20000298                debug_accel_z
 .bss.debug_angle_roll
                0x2000029c        0x4 ./Core/Src/main.o
                0x2000029c                debug_angle_roll
 .bss.debug_angle_pitch
                0x200002a0        0x4 ./Core/Src/main.o
                0x200002a0                debug_angle_pitch
 .bss.speed_filter.0
                0x200002a4        0x4 ./Core/Src/main.o
 .bss.uwTick    0x200002a8        0x4 ./Drivers/STM32F4xx_HAL_Driver/stm32f4xx_hal.o
                0x200002a8                uwTick
 *(COMMON)
                0x200002ac                        . = ALIGN (0x4)
                0x200002ac                        _ebss = .
                0x200002ac                        __bss_end__ = _ebss

._user_heap_stack
                0x200002ac      0x604
                0x200002b0                        . = ALIGN (0x8)
 *fill*         0x200002ac        0x4 
                [!provide]                        PROVIDE (end = .)
                0x200002b0                        PROVIDE (_end = .)
                0x200004b0                        . = (. + _Min_Heap_Size)
 *fill*         0x200002b0      0x200 
                0x200008b0                        . = (. + _Min_Stack_Size)
 *fill*         0x200004b0      0x400 
                0x200008b0                        . = ALIGN (0x8)

/DISCARD/
 libc.a(*)
 libm.a(*)
 libgcc.a(*)

.ARM.attributes
                0x00000000       0x30
 *(.ARM.attributes)
 .ARM.attributes
                0x00000000       0x22 D:/Download/APPS/STM32/STM32CubeIDE_1.17.0/STM32CubeIDE/plugins/com.st.stm32cube.ide.mcu.externaltools.gnu-tools-for-stm32.13.3.rel1.win32_1.0.0.202411081344/tools/bin/../lib/gcc/arm-none-eabi/13.3.1/thumb/v7e-m+fp/hard/crti.o
 .ARM.attributes
                0x00000022       0x34 D:/Download/APPS/STM32/STM32CubeIDE_1.17.0/STM32CubeIDE/plugins/com.st.stm32cube.ide.mcu.externaltools.gnu-tools-for-stm32.13.3.rel1.win32_1.0.0.202411081344/tools/bin/../lib/gcc/arm-none-eabi/13.3.1/thumb/v7e-m+fp/hard/crtbegin.o
 .ARM.attributes
                0x00000056       0x34 ./Core/Src/main.o
 .ARM.attributes
                0x0000008a       0x34 ./Core/Src/mpu6050.o
 .ARM.attributes
                0x000000be       0x34 ./Core/Src/stm32f4xx_hal_msp.o
 .ARM.attributes
                0x000000f2       0x34 ./Core/Src/stm32f4xx_it.o
 .ARM.attributes
                0x00000126       0x34 ./Core/Src/system_stm32f4xx.o
 .ARM.attributes
                0x0000015a       0x21 ./Core/Startup/startup_stm32f407vetx.o
 .ARM.attributes
                0x0000017b       0x34 ./Drivers/STM32F4xx_HAL_Driver/stm32f4xx_hal.o
 .ARM.attributes
                0x000001af       0x34 ./Drivers/STM32F4xx_HAL_Driver/stm32f4xx_hal_cortex.o
 .ARM.attributes
                0x000001e3       0x34 ./Drivers/STM32F4xx_HAL_Driver/stm32f4xx_hal_gpio.o
 .ARM.attributes
                0x00000217       0x34 ./Drivers/STM32F4xx_HAL_Driver/stm32f4xx_hal_i2c.o
 .ARM.attributes
                0x0000024b       0x34 ./Drivers/STM32F4xx_HAL_Driver/stm32f4xx_hal_rcc.o
 .ARM.attributes
                0x0000027f       0x34 ./Drivers/STM32F4xx_HAL_Driver/stm32f4xx_hal_tim.o
 .ARM.attributes
                0x000002b3       0x34 ./Drivers/STM32F4xx_HAL_Driver/stm32f4xx_hal_tim_ex.o
 .ARM.attributes
                0x000002e7       0x34 ./Drivers/STM32F4xx_HAL_Driver/stm32f4xx_hal_uart.o
 .ARM.attributes
                0x0000031b       0x34 D:/Download/APPS/STM32/STM32CubeIDE_1.17.0/STM32CubeIDE/plugins/com.st.stm32cube.ide.mcu.externaltools.gnu-tools-for-stm32.13.3.rel1.win32_1.0.0.202411081344/tools/bin/../lib/gcc/arm-none-eabi/13.3.1/../../../../arm-none-eabi/lib/thumb/v7e-m+fp/hard\libc_nano.a(libc_a-memset.o)
 .ARM.attributes
                0x0000034f       0x34 D:/Download/APPS/STM32/STM32CubeIDE_1.17.0/STM32CubeIDE/plugins/com.st.stm32cube.ide.mcu.externaltools.gnu-tools-for-stm32.13.3.rel1.win32_1.0.0.202411081344/tools/bin/../lib/gcc/arm-none-eabi/13.3.1/../../../../arm-none-eabi/lib/thumb/v7e-m+fp/hard\libc_nano.a(libc_a-init.o)
 .ARM.attributes
                0x00000383       0x34 D:/Download/APPS/STM32/STM32CubeIDE_1.17.0/STM32CubeIDE/plugins/com.st.stm32cube.ide.mcu.externaltools.gnu-tools-for-stm32.13.3.rel1.win32_1.0.0.202411081344/tools/bin/../lib/gcc/arm-none-eabi/13.3.1/../../../../arm-none-eabi/lib/thumb/v7e-m+fp/hard\libm.a(libm_a-wf_atan2.o)
 .ARM.attributes
                0x000003b7       0x34 D:/Download/APPS/STM32/STM32CubeIDE_1.17.0/STM32CubeIDE/plugins/com.st.stm32cube.ide.mcu.externaltools.gnu-tools-for-stm32.13.3.rel1.win32_1.0.0.202411081344/tools/bin/../lib/gcc/arm-none-eabi/13.3.1/../../../../arm-none-eabi/lib/thumb/v7e-m+fp/hard\libm.a(libm_a-ef_atan2.o)
 .ARM.attributes
                0x000003eb       0x34 D:/Download/APPS/STM32/STM32CubeIDE_1.17.0/STM32CubeIDE/plugins/com.st.stm32cube.ide.mcu.externaltools.gnu-tools-for-stm32.13.3.rel1.win32_1.0.0.202411081344/tools/bin/../lib/gcc/arm-none-eabi/13.3.1/../../../../arm-none-eabi/lib/thumb/v7e-m+fp/hard\libm.a(libm_a-sf_atan.o)
 .ARM.attributes
                0x0000041f       0x34 D:/Download/APPS/STM32/STM32CubeIDE_1.17.0/STM32CubeIDE/plugins/com.st.stm32cube.ide.mcu.externaltools.gnu-tools-for-stm32.13.3.rel1.win32_1.0.0.202411081344/tools/bin/../lib/gcc/arm-none-eabi/13.3.1/../../../../arm-none-eabi/lib/thumb/v7e-m+fp/hard\libm.a(libm_a-sf_fabs.o)
 .ARM.attributes
                0x00000453       0x22 D:/Download/APPS/STM32/STM32CubeIDE_1.17.0/STM32CubeIDE/plugins/com.st.stm32cube.ide.mcu.externaltools.gnu-tools-for-stm32.13.3.rel1.win32_1.0.0.202411081344/tools/bin/../lib/gcc/arm-none-eabi/13.3.1/thumb/v7e-m+fp/hard\libgcc.a(_aeabi_uldivmod.o)
 .ARM.attributes
                0x00000475       0x34 D:/Download/APPS/STM32/STM32CubeIDE_1.17.0/STM32CubeIDE/plugins/com.st.stm32cube.ide.mcu.externaltools.gnu-tools-for-stm32.13.3.rel1.win32_1.0.0.202411081344/tools/bin/../lib/gcc/arm-none-eabi/13.3.1/thumb/v7e-m+fp/hard\libgcc.a(_udivmoddi4.o)
 .ARM.attributes
                0x000004a9       0x22 D:/Download/APPS/STM32/STM32CubeIDE_1.17.0/STM32CubeIDE/plugins/com.st.stm32cube.ide.mcu.externaltools.gnu-tools-for-stm32.13.3.rel1.win32_1.0.0.202411081344/tools/bin/../lib/gcc/arm-none-eabi/13.3.1/thumb/v7e-m+fp/hard\libgcc.a(_dvmd_tls.o)
 .ARM.attributes
                0x000004cb       0x22 D:/Download/APPS/STM32/STM32CubeIDE_1.17.0/STM32CubeIDE/plugins/com.st.stm32cube.ide.mcu.externaltools.gnu-tools-for-stm32.13.3.rel1.win32_1.0.0.202411081344/tools/bin/../lib/gcc/arm-none-eabi/13.3.1/thumb/v7e-m+fp/hard/crtn.o
OUTPUT(balance_robot.elf elf32-littlearm)
LOAD linker stubs
LOAD D:/Download/APPS/STM32/STM32CubeIDE_1.17.0/STM32CubeIDE/plugins/com.st.stm32cube.ide.mcu.externaltools.gnu-tools-for-stm32.13.3.rel1.win32_1.0.0.202411081344/tools/bin/../lib/gcc/arm-none-eabi/13.3.1/../../../../arm-none-eabi/lib/thumb/v7e-m+fp/hard\libc.a
LOAD D:/Download/APPS/STM32/STM32CubeIDE_1.17.0/STM32CubeIDE/plugins/com.st.stm32cube.ide.mcu.externaltools.gnu-tools-for-stm32.13.3.rel1.win32_1.0.0.202411081344/tools/bin/../lib/gcc/arm-none-eabi/13.3.1/../../../../arm-none-eabi/lib/thumb/v7e-m+fp/hard\libm.a
LOAD D:/Download/APPS/STM32/STM32CubeIDE_1.17.0/STM32CubeIDE/plugins/com.st.stm32cube.ide.mcu.externaltools.gnu-tools-for-stm32.13.3.rel1.win32_1.0.0.202411081344/tools/bin/../lib/gcc/arm-none-eabi/13.3.1/thumb/v7e-m+fp/hard\libgcc.a

.debug_info     0x00000000     0xfb13
 .debug_info    0x00000000     0x1ad1 ./Core/Src/main.o
 .debug_info    0x00001ad1      0x82e ./Core/Src/mpu6050.o
 .debug_info    0x000022ff     0x13bf ./Core/Src/stm32f4xx_hal_msp.o
 .debug_info    0x000036be      0x6e1 ./Core/Src/stm32f4xx_it.o
 .debug_info    0x00003d9f      0x512 ./Core/Src/system_stm32f4xx.o
 .debug_info    0x000042b1       0x30 ./Core/Startup/startup_stm32f407vetx.o
 .debug_info    0x000042e1      0x944 ./Drivers/STM32F4xx_HAL_Driver/stm32f4xx_hal.o
 .debug_info    0x00004c25      0xd8c ./Drivers/STM32F4xx_HAL_Driver/stm32f4xx_hal_cortex.o
 .debug_info    0x000059b1      0x6c3 ./Drivers/STM32F4xx_HAL_Driver/stm32f4xx_hal_gpio.o
 .debug_info    0x00006074     0x2415 ./Drivers/STM32F4xx_HAL_Driver/stm32f4xx_hal_i2c.o
 .debug_info    0x00008489      0x8c3 ./Drivers/STM32F4xx_HAL_Driver/stm32f4xx_hal_rcc.o
 .debug_info    0x00008d4c     0x299d ./Drivers/STM32F4xx_HAL_Driver/stm32f4xx_hal_tim.o
 .debug_info    0x0000b6e9     0x14db ./Drivers/STM32F4xx_HAL_Driver/stm32f4xx_hal_tim_ex.o
 .debug_info    0x0000cbc4     0x2f4f ./Drivers/STM32F4xx_HAL_Driver/stm32f4xx_hal_uart.o

.debug_abbrev   0x00000000     0x1e3b
 .debug_abbrev  0x00000000      0x313 ./Core/Src/main.o
 .debug_abbrev  0x00000313      0x191 ./Core/Src/mpu6050.o
 .debug_abbrev  0x000004a4      0x255 ./Core/Src/stm32f4xx_hal_msp.o
 .debug_abbrev  0x000006f9      0x192 ./Core/Src/stm32f4xx_it.o
 .debug_abbrev  0x0000088b      0x11a ./Core/Src/system_stm32f4xx.o
 .debug_abbrev  0x000009a5       0x24 ./Core/Startup/startup_stm32f407vetx.o
 .debug_abbrev  0x000009c9      0x214 ./Drivers/STM32F4xx_HAL_Driver/stm32f4xx_hal.o
 .debug_abbrev  0x00000bdd      0x31d ./Drivers/STM32F4xx_HAL_Driver/stm32f4xx_hal_cortex.o
 .debug_abbrev  0x00000efa      0x1d4 ./Drivers/STM32F4xx_HAL_Driver/stm32f4xx_hal_gpio.o
 .debug_abbrev  0x000010ce      0x2ad ./Drivers/STM32F4xx_HAL_Driver/stm32f4xx_hal_i2c.o
 .debug_abbrev  0x0000137b      0x2b7 ./Drivers/STM32F4xx_HAL_Driver/stm32f4xx_hal_rcc.o
 .debug_abbrev  0x00001632      0x278 ./Drivers/STM32F4xx_HAL_Driver/stm32f4xx_hal_tim.o
 .debug_abbrev  0x000018aa      0x283 ./Drivers/STM32F4xx_HAL_Driver/stm32f4xx_hal_tim_ex.o
 .debug_abbrev  0x00001b2d      0x30e ./Drivers/STM32F4xx_HAL_Driver/stm32f4xx_hal_uart.o

.debug_aranges  0x00000000      0xed0
 .debug_aranges
                0x00000000       0x88 ./Core/Src/main.o
 .debug_aranges
                0x00000088       0x30 ./Core/Src/mpu6050.o
 .debug_aranges
                0x000000b8       0x78 ./Core/Src/stm32f4xx_hal_msp.o
 .debug_aranges
                0x00000130       0x68 ./Core/Src/stm32f4xx_it.o
 .debug_aranges
                0x00000198       0x28 ./Core/Src/system_stm32f4xx.o
 .debug_aranges
                0x000001c0       0x28 ./Core/Startup/startup_stm32f407vetx.o
 .debug_aranges
                0x000001e8       0xf0 ./Drivers/STM32F4xx_HAL_Driver/stm32f4xx_hal.o
 .debug_aranges
                0x000002d8      0x130 ./Drivers/STM32F4xx_HAL_Driver/stm32f4xx_hal_cortex.o
 .debug_aranges
                0x00000408       0x58 ./Drivers/STM32F4xx_HAL_Driver/stm32f4xx_hal_gpio.o
 .debug_aranges
                0x00000460      0x2a8 ./Drivers/STM32F4xx_HAL_Driver/stm32f4xx_hal_i2c.o
 .debug_aranges
                0x00000708       0x88 ./Drivers/STM32F4xx_HAL_Driver/stm32f4xx_hal_rcc.o
 .debug_aranges
                0x00000790      0x3d0 ./Drivers/STM32F4xx_HAL_Driver/stm32f4xx_hal_tim.o
 .debug_aranges
                0x00000b60      0x168 ./Drivers/STM32F4xx_HAL_Driver/stm32f4xx_hal_tim_ex.o
 .debug_aranges
                0x00000cc8      0x208 ./Drivers/STM32F4xx_HAL_Driver/stm32f4xx_hal_uart.o

.debug_rnglists
                0x00000000      0xbcc
 .debug_rnglists
                0x00000000       0x6b ./Core/Src/main.o
 .debug_rnglists
                0x0000006b       0x22 ./Core/Src/mpu6050.o
 .debug_rnglists
                0x0000008d       0x58 ./Core/Src/stm32f4xx_hal_msp.o
 .debug_rnglists
                0x000000e5       0x49 ./Core/Src/stm32f4xx_it.o
 .debug_rnglists
                0x0000012e       0x1a ./Core/Src/system_stm32f4xx.o
 .debug_rnglists
                0x00000148       0x19 ./Core/Startup/startup_stm32f407vetx.o
 .debug_rnglists
                0x00000161       0xaf ./Drivers/STM32F4xx_HAL_Driver/stm32f4xx_hal.o
 .debug_rnglists
                0x00000210       0xe0 ./Drivers/STM32F4xx_HAL_Driver/stm32f4xx_hal_cortex.o
 .debug_rnglists
                0x000002f0       0x3f ./Drivers/STM32F4xx_HAL_Driver/stm32f4xx_hal_gpio.o
 .debug_rnglists
                0x0000032f      0x23c ./Drivers/STM32F4xx_HAL_Driver/stm32f4xx_hal_i2c.o
 .debug_rnglists
                0x0000056b       0x66 ./Drivers/STM32F4xx_HAL_Driver/stm32f4xx_hal_rcc.o
 .debug_rnglists
                0x000005d1      0x31a ./Drivers/STM32F4xx_HAL_Driver/stm32f4xx_hal_tim.o
 .debug_rnglists
                0x000008eb      0x125 ./Drivers/STM32F4xx_HAL_Driver/stm32f4xx_hal_tim_ex.o
 .debug_rnglists
                0x00000a10      0x1bc ./Drivers/STM32F4xx_HAL_Driver/stm32f4xx_hal_uart.o

.debug_macro    0x00000000    0x219b1
 .debug_macro   0x00000000      0x32c ./Core/Src/main.o
 .debug_macro   0x0000032c      0xad8 ./Core/Src/main.o
 .debug_macro   0x00000e04      0x2a1 ./Core/Src/main.o
 .debug_macro   0x000010a5       0x2e ./Core/Src/main.o
 .debug_macro   0x000010d3       0x2f ./Core/Src/main.o
 .debug_macro   0x00001102       0x22 ./Core/Src/main.o
 .debug_macro   0x00001124       0x8e ./Core/Src/main.o
 .debug_macro   0x000011b2       0x51 ./Core/Src/main.o
 .debug_macro   0x00001203      0x103 ./Core/Src/main.o
 .debug_macro   0x00001306       0x6a ./Core/Src/main.o
 .debug_macro   0x00001370      0x1df ./Core/Src/main.o
 .debug_macro   0x0000154f       0x1c ./Core/Src/main.o
 .debug_macro   0x0000156b       0x22 ./Core/Src/main.o
 .debug_macro   0x0000158d       0xfb ./Core/Src/main.o
 .debug_macro   0x00001688     0x1011 ./Core/Src/main.o
 .debug_macro   0x00002699      0x11f ./Core/Src/main.o
 .debug_macro   0x000027b8    0x15ea5 ./Core/Src/main.o
 .debug_macro   0x0001865d       0x6d ./Core/Src/main.o
 .debug_macro   0x000186ca     0x3693 ./Core/Src/main.o
 .debug_macro   0x0001bd5d      0x190 ./Core/Src/main.o
 .debug_macro   0x0001beed       0x5c ./Core/Src/main.o
 .debug_macro   0x0001bf49      0x980 ./Core/Src/main.o
 .debug_macro   0x0001c8c9      0x9e9 ./Core/Src/main.o
 .debug_macro   0x0001d2b2      0x115 ./Core/Src/main.o
 .debug_macro   0x0001d3c7      0x13e ./Core/Src/main.o
 .debug_macro   0x0001d505       0xa5 ./Core/Src/main.o
 .debug_macro   0x0001d5aa      0x174 ./Core/Src/main.o
 .debug_macro   0x0001d71e      0x287 ./Core/Src/main.o
 .debug_macro   0x0001d9a5       0x5f ./Core/Src/main.o
 .debug_macro   0x0001da04      0x236 ./Core/Src/main.o
 .debug_macro   0x0001dc3a      0x12c ./Core/Src/main.o
 .debug_macro   0x0001dd66      0x21e ./Core/Src/main.o
 .debug_macro   0x0001df84       0x2e ./Core/Src/main.o
 .debug_macro   0x0001dfb2      0x1b5 ./Core/Src/main.o
 .debug_macro   0x0001e167       0xd6 ./Core/Src/main.o
 .debug_macro   0x0001e23d      0x127 ./Core/Src/main.o
 .debug_macro   0x0001e364       0x7e ./Core/Src/main.o
 .debug_macro   0x0001e3e2       0x89 ./Core/Src/main.o
 .debug_macro   0x0001e46b      0x8ed ./Core/Src/main.o
 .debug_macro   0x0001ed58       0x4d ./Core/Src/main.o
 .debug_macro   0x0001eda5      0x2aa ./Core/Src/main.o
 .debug_macro   0x0001f04f      0x12d ./Core/Src/main.o
 .debug_macro   0x0001f17c       0x61 ./Core/Src/main.o
 .debug_macro   0x0001f1dd       0x2a ./Core/Src/main.o
 .debug_macro   0x0001f207       0x43 ./Core/Src/main.o
 .debug_macro   0x0001f24a       0x34 ./Core/Src/main.o
 .debug_macro   0x0001f27e       0x16 ./Core/Src/main.o
 .debug_macro   0x0001f294       0x3c ./Core/Src/main.o
 .debug_macro   0x0001f2d0      0x370 ./Core/Src/main.o
 .debug_macro   0x0001f640       0x10 ./Core/Src/main.o
 .debug_macro   0x0001f650       0x16 ./Core/Src/main.o
 .debug_macro   0x0001f666       0x4a ./Core/Src/main.o
 .debug_macro   0x0001f6b0       0x34 ./Core/Src/main.o
 .debug_macro   0x0001f6e4       0x10 ./Core/Src/main.o
 .debug_macro   0x0001f6f4       0x58 ./Core/Src/main.o
 .debug_macro   0x0001f74c       0x8e ./Core/Src/main.o
 .debug_macro   0x0001f7da       0x1c ./Core/Src/main.o
 .debug_macro   0x0001f7f6      0x185 ./Core/Src/main.o
 .debug_macro   0x0001f97b       0x16 ./Core/Src/main.o
 .debug_macro   0x0001f991       0x16 ./Core/Src/main.o
 .debug_macro   0x0001f9a7      0x146 ./Core/Src/main.o
 .debug_macro   0x0001faed      0x19b ./Core/Src/main.o
 .debug_macro   0x0001fc88       0xb8 ./Core/Src/main.o
 .debug_macro   0x0001fd40       0x16 ./Core/Src/main.o
 .debug_macro   0x0001fd56       0x16 ./Core/Src/main.o
 .debug_macro   0x0001fd6c       0x29 ./Core/Src/main.o
 .debug_macro   0x0001fd95      0x2e0 ./Core/Src/mpu6050.o
 .debug_macro   0x00020075       0x5b ./Core/Src/mpu6050.o
 .debug_macro   0x000200d0       0x94 ./Core/Src/mpu6050.o
 .debug_macro   0x00020164       0x57 ./Core/Src/mpu6050.o
 .debug_macro   0x000201bb       0x9e ./Core/Src/mpu6050.o
 .debug_macro   0x00020259      0x112 ./Core/Src/mpu6050.o
 .debug_macro   0x0002036b       0x56 ./Core/Src/mpu6050.o
 .debug_macro   0x000203c1      0x1f2 ./Core/Src/stm32f4xx_hal_msp.o
 .debug_macro   0x000205b3      0x1fc ./Core/Src/stm32f4xx_it.o
 .debug_macro   0x000207af      0x1e8 ./Core/Src/system_stm32f4xx.o
 .debug_macro   0x00020997      0x248 ./Drivers/STM32F4xx_HAL_Driver/stm32f4xx_hal.o
 .debug_macro   0x00020bdf      0x1e8 ./Drivers/STM32F4xx_HAL_Driver/stm32f4xx_hal_cortex.o
 .debug_macro   0x00020dc7      0x1ee ./Drivers/STM32F4xx_HAL_Driver/stm32f4xx_hal_gpio.o
 .debug_macro   0x00020fb5      0x236 ./Drivers/STM32F4xx_HAL_Driver/stm32f4xx_hal_i2c.o
 .debug_macro   0x000211eb      0x20c ./Drivers/STM32F4xx_HAL_Driver/stm32f4xx_hal_rcc.o
 .debug_macro   0x000213f7      0x1e9 ./Drivers/STM32F4xx_HAL_Driver/stm32f4xx_hal_tim.o
 .debug_macro   0x000215e0      0x1e8 ./Drivers/STM32F4xx_HAL_Driver/stm32f4xx_hal_tim_ex.o
 .debug_macro   0x000217c8      0x1e9 ./Drivers/STM32F4xx_HAL_Driver/stm32f4xx_hal_uart.o

.debug_line     0x00000000    0x13a37
 .debug_line    0x00000000     0x10e7 ./Core/Src/main.o
 .debug_line    0x000010e7      0xc8e ./Core/Src/mpu6050.o
 .debug_line    0x00001d75      0xbcc ./Core/Src/stm32f4xx_hal_msp.o
 .debug_line    0x00002941      0xad6 ./Core/Src/stm32f4xx_it.o
 .debug_line    0x00003417      0xa85 ./Core/Src/system_stm32f4xx.o
 .debug_line    0x00003e9c       0x7a ./Core/Startup/startup_stm32f407vetx.o
 .debug_line    0x00003f16      0xd44 ./Drivers/STM32F4xx_HAL_Driver/stm32f4xx_hal.o
 .debug_line    0x00004c5a     0x1014 ./Drivers/STM32F4xx_HAL_Driver/stm32f4xx_hal_cortex.o
 .debug_line    0x00005c6e      0xe9c ./Drivers/STM32F4xx_HAL_Driver/stm32f4xx_hal_gpio.o
 .debug_line    0x00006b0a     0x3df1 ./Drivers/STM32F4xx_HAL_Driver/stm32f4xx_hal_i2c.o
 .debug_line    0x0000a8fb     0x1153 ./Drivers/STM32F4xx_HAL_Driver/stm32f4xx_hal_rcc.o
 .debug_line    0x0000ba4e     0x3ab9 ./Drivers/STM32F4xx_HAL_Driver/stm32f4xx_hal_tim.o
 .debug_line    0x0000f507     0x1ca4 ./Drivers/STM32F4xx_HAL_Driver/stm32f4xx_hal_tim_ex.o
 .debug_line    0x000111ab     0x288c ./Drivers/STM32F4xx_HAL_Driver/stm32f4xx_hal_uart.o

.debug_str      0x00000000    0xce393
 .debug_str     0x00000000    0xce393 ./Core/Src/main.o
                              0xcadfb (size before relaxing)
 .debug_str     0x000ce393    0xc9fee ./Core/Src/mpu6050.o
 .debug_str     0x000ce393    0xc68f9 ./Core/Src/stm32f4xx_hal_msp.o
 .debug_str     0x000ce393    0xc5d5c ./Core/Src/stm32f4xx_it.o
 .debug_str     0x000ce393    0xc5928 ./Core/Src/system_stm32f4xx.o
 .debug_str     0x000ce393       0x6e ./Core/Startup/startup_stm32f407vetx.o
 .debug_str     0x000ce393    0xc64ef ./Drivers/STM32F4xx_HAL_Driver/stm32f4xx_hal.o
 .debug_str     0x000ce393    0xc626b ./Drivers/STM32F4xx_HAL_Driver/stm32f4xx_hal_cortex.o
 .debug_str     0x000ce393    0xc5ae6 ./Drivers/STM32F4xx_HAL_Driver/stm32f4xx_hal_gpio.o
 .debug_str     0x000ce393    0xc6989 ./Drivers/STM32F4xx_HAL_Driver/stm32f4xx_hal_i2c.o
 .debug_str     0x000ce393    0xc5d9f ./Drivers/STM32F4xx_HAL_Driver/stm32f4xx_hal_rcc.o
 .debug_str     0x000ce393    0xc6cf5 ./Drivers/STM32F4xx_HAL_Driver/stm32f4xx_hal_tim.o
 .debug_str     0x000ce393    0xc6501 ./Drivers/STM32F4xx_HAL_Driver/stm32f4xx_hal_tim_ex.o
 .debug_str     0x000ce393    0xc6380 ./Drivers/STM32F4xx_HAL_Driver/stm32f4xx_hal_uart.o

.comment        0x00000000       0x43
 .comment       0x00000000       0x43 ./Core/Src/main.o
                                 0x44 (size before relaxing)
 .comment       0x00000043       0x44 ./Core/Src/mpu6050.o
 .comment       0x00000043       0x44 ./Core/Src/stm32f4xx_hal_msp.o
 .comment       0x00000043       0x44 ./Core/Src/stm32f4xx_it.o
 .comment       0x00000043       0x44 ./Core/Src/system_stm32f4xx.o
 .comment       0x00000043       0x44 ./Drivers/STM32F4xx_HAL_Driver/stm32f4xx_hal.o
 .comment       0x00000043       0x44 ./Drivers/STM32F4xx_HAL_Driver/stm32f4xx_hal_cortex.o
 .comment       0x00000043       0x44 ./Drivers/STM32F4xx_HAL_Driver/stm32f4xx_hal_gpio.o
 .comment       0x00000043       0x44 ./Drivers/STM32F4xx_HAL_Driver/stm32f4xx_hal_i2c.o
 .comment       0x00000043       0x44 ./Drivers/STM32F4xx_HAL_Driver/stm32f4xx_hal_rcc.o
 .comment       0x00000043       0x44 ./Drivers/STM32F4xx_HAL_Driver/stm32f4xx_hal_tim.o
 .comment       0x00000043       0x44 ./Drivers/STM32F4xx_HAL_Driver/stm32f4xx_hal_tim_ex.o
 .comment       0x00000043       0x44 ./Drivers/STM32F4xx_HAL_Driver/stm32f4xx_hal_uart.o

.debug_frame    0x00000000     0x4090
 .debug_frame   0x00000000      0x1f0 ./Core/Src/main.o
 .debug_frame   0x000001f0       0x88 ./Core/Src/mpu6050.o
 .debug_frame   0x00000278      0x1cc ./Core/Src/stm32f4xx_hal_msp.o
 .debug_frame   0x00000444      0x120 ./Core/Src/stm32f4xx_it.o
 .debug_frame   0x00000564       0x58 ./Core/Src/system_stm32f4xx.o
 .debug_frame   0x000005bc      0x374 ./Drivers/STM32F4xx_HAL_Driver/stm32f4xx_hal.o
 .debug_frame   0x00000930      0x508 ./Drivers/STM32F4xx_HAL_Driver/stm32f4xx_hal_cortex.o
 .debug_frame   0x00000e38      0x14c ./Drivers/STM32F4xx_HAL_Driver/stm32f4xx_hal_gpio.o
 .debug_frame   0x00000f84      0xc84 ./Drivers/STM32F4xx_HAL_Driver/stm32f4xx_hal_i2c.o
 .debug_frame   0x00001c08      0x1f4 ./Drivers/STM32F4xx_HAL_Driver/stm32f4xx_hal_rcc.o
 .debug_frame   0x00001dfc     0x11c0 ./Drivers/STM32F4xx_HAL_Driver/stm32f4xx_hal_tim.o
 .debug_frame   0x00002fbc      0x638 ./Drivers/STM32F4xx_HAL_Driver/stm32f4xx_hal_tim_ex.o
 .debug_frame   0x000035f4      0x954 ./Drivers/STM32F4xx_HAL_Driver/stm32f4xx_hal_uart.o
 .debug_frame   0x00003f48       0x20 D:/Download/APPS/STM32/STM32CubeIDE_1.17.0/STM32CubeIDE/plugins/com.st.stm32cube.ide.mcu.externaltools.gnu-tools-for-stm32.13.3.rel1.win32_1.0.0.202411081344/tools/bin/../lib/gcc/arm-none-eabi/13.3.1/../../../../arm-none-eabi/lib/thumb/v7e-m+fp/hard\libc_nano.a(libc_a-memset.o)
 .debug_frame   0x00003f68       0x2c D:/Download/APPS/STM32/STM32CubeIDE_1.17.0/STM32CubeIDE/plugins/com.st.stm32cube.ide.mcu.externaltools.gnu-tools-for-stm32.13.3.rel1.win32_1.0.0.202411081344/tools/bin/../lib/gcc/arm-none-eabi/13.3.1/../../../../arm-none-eabi/lib/thumb/v7e-m+fp/hard\libc_nano.a(libc_a-init.o)
 .debug_frame   0x00003f94       0x20 D:/Download/APPS/STM32/STM32CubeIDE_1.17.0/STM32CubeIDE/plugins/com.st.stm32cube.ide.mcu.externaltools.gnu-tools-for-stm32.13.3.rel1.win32_1.0.0.202411081344/tools/bin/../lib/gcc/arm-none-eabi/13.3.1/../../../../arm-none-eabi/lib/thumb/v7e-m+fp/hard\libm.a(libm_a-wf_atan2.o)
 .debug_frame   0x00003fb4       0x30 D:/Download/APPS/STM32/STM32CubeIDE_1.17.0/STM32CubeIDE/plugins/com.st.stm32cube.ide.mcu.externaltools.gnu-tools-for-stm32.13.3.rel1.win32_1.0.0.202411081344/tools/bin/../lib/gcc/arm-none-eabi/13.3.1/../../../../arm-none-eabi/lib/thumb/v7e-m+fp/hard\libm.a(libm_a-ef_atan2.o)
 .debug_frame   0x00003fe4       0x2c D:/Download/APPS/STM32/STM32CubeIDE_1.17.0/STM32CubeIDE/plugins/com.st.stm32cube.ide.mcu.externaltools.gnu-tools-for-stm32.13.3.rel1.win32_1.0.0.202411081344/tools/bin/../lib/gcc/arm-none-eabi/13.3.1/../../../../arm-none-eabi/lib/thumb/v7e-m+fp/hard\libm.a(libm_a-sf_atan.o)
 .debug_frame   0x00004010       0x20 D:/Download/APPS/STM32/STM32CubeIDE_1.17.0/STM32CubeIDE/plugins/com.st.stm32cube.ide.mcu.externaltools.gnu-tools-for-stm32.13.3.rel1.win32_1.0.0.202411081344/tools/bin/../lib/gcc/arm-none-eabi/13.3.1/../../../../arm-none-eabi/lib/thumb/v7e-m+fp/hard\libm.a(libm_a-sf_fabs.o)
 .debug_frame   0x00004030       0x2c D:/Download/APPS/STM32/STM32CubeIDE_1.17.0/STM32CubeIDE/plugins/com.st.stm32cube.ide.mcu.externaltools.gnu-tools-for-stm32.13.3.rel1.win32_1.0.0.202411081344/tools/bin/../lib/gcc/arm-none-eabi/13.3.1/thumb/v7e-m+fp/hard\libgcc.a(_aeabi_uldivmod.o)
 .debug_frame   0x0000405c       0x34 D:/Download/APPS/STM32/STM32CubeIDE_1.17.0/STM32CubeIDE/plugins/com.st.stm32cube.ide.mcu.externaltools.gnu-tools-for-stm32.13.3.rel1.win32_1.0.0.202411081344/tools/bin/../lib/gcc/arm-none-eabi/13.3.1/thumb/v7e-m+fp/hard\libgcc.a(_udivmoddi4.o)

.debug_line_str
                0x00000000       0x52
 .debug_line_str
                0x00000000       0x52 ./Core/Startup/startup_stm32f407vetx.o
