../Core/Src/main.c:80:6:Kalman_Init	16	static
../Core/Src/main.c:98:7:Kalman_getAngle	56	static
../Core/Src/main.c:134:6:Motor_Control	24	static
../Core/Src/main.c:165:6:HAL_TIM_PeriodElapsedCallback	32	static
../Core/Src/main.c:227:5:main	8	static
../Core/Src/main.c:268:6:SystemClock_Config	88	static
../Core/Src/main.c:314:13:MX_I2C1_Init	8	static
../Core/Src/main.c:348:13:MX_TIM2_Init	56	static
../Core/Src/main.c:397:13:MX_TIM3_Init	48	static
../Core/Src/main.c:450:13:MX_TIM4_Init	56	static
../Core/Src/main.c:499:13:MX_TIM5_Init	32	static
../Core/Src/main.c:544:13:MX_USART2_UART_Init	8	static
../Core/Src/main.c:577:13:MX_GPIO_Init	48	static
../Core/Src/main.c:624:6:Error_Handler	4	static,ignoring_inline_asm
